Binary Search Using While Loop
==============================

Search 9 -> 8 is the index; 9 is the value in [1, 2, 3, 4, 5, 6, 7, 8, 9, 10]


Binary Search Using Recursion
=============================

Search 9 -> 8 is the index; 9 is the value in [1, 2, 3, 4, 5, 6, 7, 8, 9, 10]


Simple Search Using For Loop
============================

Search 9 -> 8 is the index; 9 is the value in [1, 2, 3, 4, 5, 6, 7, 8, 9, 10]


Selection Sort
==============

Shuffled input: [2, 4, 5, 1, 10, 9, 7, 3, 8, 6]
   Sorted list: [1, 2, 3, 4, 5, 6, 7, 8, 9, 10]


Sum of List
===========

Input: [4, 6, 3, 7]
  Sum: 20


Count of Items in List
======================

List: [Bred, Butter, Garlic, Ice Cream, Pizza, Cookies, Car, Rubber Duck]
Count: 8


Maximum of List
===============

   List: [82, 973927, 898, 454, 21, 2, 3, 3, 67, 8, 973927, 886, 98, 0, 0]
Maximum: 973927


